apiVersion: jenkins.io/v1
kind: SourceRepository
metadata:
  creationTimestamp: null
  labels:
    owner: jenkins-x
    provider: github
    repository: jx-scm
  name: jenkins-x-jx-scm
spec:
  httpCloneURL: https://github.com/jenkins-x-plugins/jx-scm.git
  org: jenkins-x
  provider: https://github.com
  providerKind: github
  providerName: github
  repo: jx-scm
  scheduler:
    kind: ""
    name: cheese
  url: https://github.com/jenkins-x-plugins/jx-scm
